Archive member included to satisfy reference by file (symbol)

C:/ST/STM32CubeIDE_1.19.0/STM32CubeIDE/plugins/com.st.stm32cube.ide.mcu.externaltools.gnu-tools-for-stm32.13.3.rel1.win32_1.0.0.202411081344/tools/bin/../lib/gcc/arm-none-eabi/13.3.1/../../../../arm-none-eabi/lib/thumb/v7e-m/nofp\libc_nano.a(libc_a-exit.o)
                              C:/ST/STM32CubeIDE_1.19.0/STM32CubeIDE/plugins/com.st.stm32cube.ide.mcu.externaltools.gnu-tools-for-stm32.13.3.rel1.win32_1.0.0.202411081344/tools/bin/../lib/gcc/arm-none-eabi/13.3.1/../../../../arm-none-eabi/lib/thumb/v7e-m/nofp/crt0.o (exit)
C:/ST/STM32CubeIDE_1.19.0/STM32CubeIDE/plugins/com.st.stm32cube.ide.mcu.externaltools.gnu-tools-for-stm32.13.3.rel1.win32_1.0.0.202411081344/tools/bin/../lib/gcc/arm-none-eabi/13.3.1/../../../../arm-none-eabi/lib/thumb/v7e-m/nofp\libc_nano.a(libc_a-findfp.o)
                              C:/ST/STM32CubeIDE_1.19.0/STM32CubeIDE/plugins/com.st.stm32cube.ide.mcu.externaltools.gnu-tools-for-stm32.13.3.rel1.win32_1.0.0.202411081344/tools/bin/../lib/gcc/arm-none-eabi/13.3.1/../../../../arm-none-eabi/lib/thumb/v7e-m/nofp\libc_nano.a(libc_a-exit.o) (__stdio_exit_handler)
C:/ST/STM32CubeIDE_1.19.0/STM32CubeIDE/plugins/com.st.stm32cube.ide.mcu.externaltools.gnu-tools-for-stm32.13.3.rel1.win32_1.0.0.202411081344/tools/bin/../lib/gcc/arm-none-eabi/13.3.1/../../../../arm-none-eabi/lib/thumb/v7e-m/nofp\libc_nano.a(libc_a-fwalk.o)
                              C:/ST/STM32CubeIDE_1.19.0/STM32CubeIDE/plugins/com.st.stm32cube.ide.mcu.externaltools.gnu-tools-for-stm32.13.3.rel1.win32_1.0.0.202411081344/tools/bin/../lib/gcc/arm-none-eabi/13.3.1/../../../../arm-none-eabi/lib/thumb/v7e-m/nofp\libc_nano.a(libc_a-findfp.o) (_fwalk_sglue)
C:/ST/STM32CubeIDE_1.19.0/STM32CubeIDE/plugins/com.st.stm32cube.ide.mcu.externaltools.gnu-tools-for-stm32.13.3.rel1.win32_1.0.0.202411081344/tools/bin/../lib/gcc/arm-none-eabi/13.3.1/../../../../arm-none-eabi/lib/thumb/v7e-m/nofp\libc_nano.a(libc_a-stdio.o)
                              C:/ST/STM32CubeIDE_1.19.0/STM32CubeIDE/plugins/com.st.stm32cube.ide.mcu.externaltools.gnu-tools-for-stm32.13.3.rel1.win32_1.0.0.202411081344/tools/bin/../lib/gcc/arm-none-eabi/13.3.1/../../../../arm-none-eabi/lib/thumb/v7e-m/nofp\libc_nano.a(libc_a-findfp.o) (__sread)
C:/ST/STM32CubeIDE_1.19.0/STM32CubeIDE/plugins/com.st.stm32cube.ide.mcu.externaltools.gnu-tools-for-stm32.13.3.rel1.win32_1.0.0.202411081344/tools/bin/../lib/gcc/arm-none-eabi/13.3.1/../../../../arm-none-eabi/lib/thumb/v7e-m/nofp\libc_nano.a(libc_a-memset.o)
                              C:/ST/STM32CubeIDE_1.19.0/STM32CubeIDE/plugins/com.st.stm32cube.ide.mcu.externaltools.gnu-tools-for-stm32.13.3.rel1.win32_1.0.0.202411081344/tools/bin/../lib/gcc/arm-none-eabi/13.3.1/../../../../arm-none-eabi/lib/thumb/v7e-m/nofp/crt0.o (memset)
C:/ST/STM32CubeIDE_1.19.0/STM32CubeIDE/plugins/com.st.stm32cube.ide.mcu.externaltools.gnu-tools-for-stm32.13.3.rel1.win32_1.0.0.202411081344/tools/bin/../lib/gcc/arm-none-eabi/13.3.1/../../../../arm-none-eabi/lib/thumb/v7e-m/nofp\libc_nano.a(libc_a-closer.o)
                              C:/ST/STM32CubeIDE_1.19.0/STM32CubeIDE/plugins/com.st.stm32cube.ide.mcu.externaltools.gnu-tools-for-stm32.13.3.rel1.win32_1.0.0.202411081344/tools/bin/../lib/gcc/arm-none-eabi/13.3.1/../../../../arm-none-eabi/lib/thumb/v7e-m/nofp\libc_nano.a(libc_a-stdio.o) (_close_r)
C:/ST/STM32CubeIDE_1.19.0/STM32CubeIDE/plugins/com.st.stm32cube.ide.mcu.externaltools.gnu-tools-for-stm32.13.3.rel1.win32_1.0.0.202411081344/tools/bin/../lib/gcc/arm-none-eabi/13.3.1/../../../../arm-none-eabi/lib/thumb/v7e-m/nofp\libc_nano.a(libc_a-reent.o)
                              C:/ST/STM32CubeIDE_1.19.0/STM32CubeIDE/plugins/com.st.stm32cube.ide.mcu.externaltools.gnu-tools-for-stm32.13.3.rel1.win32_1.0.0.202411081344/tools/bin/../lib/gcc/arm-none-eabi/13.3.1/../../../../arm-none-eabi/lib/thumb/v7e-m/nofp\libc_nano.a(libc_a-closer.o) (errno)
C:/ST/STM32CubeIDE_1.19.0/STM32CubeIDE/plugins/com.st.stm32cube.ide.mcu.externaltools.gnu-tools-for-stm32.13.3.rel1.win32_1.0.0.202411081344/tools/bin/../lib/gcc/arm-none-eabi/13.3.1/../../../../arm-none-eabi/lib/thumb/v7e-m/nofp\libc_nano.a(libc_a-impure.o)
                              C:/ST/STM32CubeIDE_1.19.0/STM32CubeIDE/plugins/com.st.stm32cube.ide.mcu.externaltools.gnu-tools-for-stm32.13.3.rel1.win32_1.0.0.202411081344/tools/bin/../lib/gcc/arm-none-eabi/13.3.1/../../../../arm-none-eabi/lib/thumb/v7e-m/nofp\libc_nano.a(libc_a-reent.o) (_impure_ptr)
C:/ST/STM32CubeIDE_1.19.0/STM32CubeIDE/plugins/com.st.stm32cube.ide.mcu.externaltools.gnu-tools-for-stm32.13.3.rel1.win32_1.0.0.202411081344/tools/bin/../lib/gcc/arm-none-eabi/13.3.1/../../../../arm-none-eabi/lib/thumb/v7e-m/nofp\libc_nano.a(libc_a-lseekr.o)
[...]
Memory Configuration

Name             Origin             Length             Attributes
CCMSRAM          0x10000000         0x00008000         xrw
RAM              0x20000000         0x00020000         xrw
FLASH            0x08000000         0x00080000         xr
*default*        0x00000000         0xffffffff

Linker script and memory map

LOAD C:/ST/STM32CubeIDE_1.19.0/STM32CubeIDE/plugins/com.st.stm32cube.ide.mcu.externaltools.gnu-tools-for-stm32.13.3.rel1.win32_1.0.0.202411081344/tools/bin/../lib/gcc/arm-none-eabi/13.3.1/thumb/v7e-m/nofp/crti.o
LOAD C:/ST/STM32CubeIDE_1.19.0/STM32CubeIDE/plugins/com.st.stm32cube.ide.mcu.externaltools.gnu-tools-for-stm32.13.3.rel1.win32_1.0.0.202411081344/tools/bin/../lib/gcc/arm-none-eabi/13.3.1/thumb/v7e-m/nofp/crtbegin.o
LOAD C:/ST/STM32CubeIDE_1.19.0/STM32CubeIDE/plugins/com.st.stm32cube.ide.mcu.externaltools.gnu-tools-for-stm32.13.3.rel1.win32_1.0.0.202411081344/tools/bin/../lib/gcc/arm-none-eabi/13.3.1/../../../../arm-none-eabi/lib/thumb/v7e-m/nofp/crt0.o
LOAD ./Src/itm.o
LOAD ./Src/main.o
LOAD ./Src/my_led.o
LOAD ./Src/my_switch.o
LOAD ./Src/syscalls.o
LOAD ./Src/sysmem.o
LOAD ./Src/system_stm32f4xx.o
LOAD ./Startup/startup_stm32g473qetx.o
START GROUP
LOAD C:/ST/STM32CubeIDE_1.19.0/STM32CubeIDE/plugins/com.st.stm32cube.ide.mcu.externaltools.gnu-tools-for-stm32.13.3.rel1.win32_1.0.0.202411081344/tools/bin/../lib/gcc/arm-none-eabi/13.3.1/../../../../arm-none-eabi/lib/thumb/v7e-m/nofp\libc_nano.a
LOAD C:/ST/STM32CubeIDE_1.19.0/STM32CubeIDE/plugins/com.st.stm32cube.ide.mcu.externaltools.gnu-tools-for-stm32.13.3.rel1.win32_1.0.0.202411081344/tools/bin/../lib/gcc/arm-none-eabi/13.3.1/../../../../arm-none-eabi/lib/thumb/v7e-m/nofp\libm.a
END GROUP
START GROUP
LOAD C:/ST/STM32CubeIDE_1.19.0/STM32CubeIDE/plugins/com.st.stm32cube.ide.mcu.externaltools.gnu-tools-for-stm32.13.3.rel1.win32_1.0.0.202411081344/tools/bin/../lib/gcc/arm-none-eabi/13.3.1/thumb/v7e-m/nofp\libgcc.a
LOAD C:/ST/STM32CubeIDE_1.19.0/STM32CubeIDE/plugins/com.st.stm32cube.ide.mcu.externaltools.gnu-tools-for-stm32.13.3.rel1.win32_1.0.0.202411081344/tools/bin/../lib/gcc/arm-none-eabi/13.3.1/../../../../arm-none-eabi/lib/thumb/v7e-m/nofp\libc_nano.a
END GROUP
START GROUP
LOAD C:/ST/STM32CubeIDE_1.19.0/STM32CubeIDE/plugins/com.st.stm32cube.ide.mcu.externaltools.gnu-tools-for-stm32.13.3.rel1.win32_1.0.0.202411081344/tools/bin/../lib/gcc/arm-none-eabi/13.3.1/thumb/v7e-m/nofp\libgcc.a
LOAD C:/ST/STM32CubeIDE_1.19.0/STM32CubeIDE/plugins/com.st.stm32cube.ide.mcu.externaltools.gnu-tools-for-stm32.13.3.rel1.win32_1.0.0.202411081344/tools/bin/../lib/gcc/arm-none-eabi/13.3.1/../../../../arm-none-eabi/lib/thumb/v7e-m/nofp\libc_nano.a
LOAD C:/ST/STM32CubeIDE_1.19.0/STM32CubeIDE/plugins/com.st.stm32cube.ide.mcu.externaltools.gnu-tools-for-stm32.13.3.rel1.win32_1.0.0.202411081344/tools/bin/../lib/gcc/arm-none-eabi/13.3.1/../../../../arm-none-eabi/lib/thumb/v7e-m/nofp\libnosys.a
END GROUP
START GROUP
LOAD C:/ST/STM32CubeIDE_1.19.0/STM32CubeIDE/plugins/com.st.stm32cube.ide.mcu.externaltools.gnu-tools-for-stm32.13.3.rel1.win32_1.0.0.202411081344/tools/bin/../lib/gcc/arm-none-eabi/13.3.1/thumb/v7e-m/nofp\libgcc.a
LOAD C:/ST/STM32CubeIDE_1.19.0/STM32CubeIDE/plugins/com.st.stm32cube.ide.mcu.externaltools.gnu-tools-for-stm32.13.3.rel1.win32_1.0.0.202411081344/tools/bin/../lib/gcc/arm-none-eabi/13.3.1/../../../../arm-none-eabi/lib/thumb/v7e-m/nofp\libc_nano.a
LOAD C:/ST/STM32CubeIDE_1.19.0/STM32CubeIDE/plugins/com.st.stm32cube.ide.mcu.externaltools.gnu-tools-for-stm32.13.3.rel1.win32_1.0.0.202411081344/tools/bin/../lib/gcc/arm-none-eabi/13.3.1/../../../../arm-none-eabi/lib/thumb/v7e-m/nofp\libnosys.a
END GROUP
LOAD C:/ST/STM32CubeIDE_1.19.0/STM32CubeIDE/plugins/com.st.stm32cube.ide.mcu.externaltools.gnu-tools-for-stm32.13.3.rel1.win32_1.0.0.202411081344/tools/bin/../lib/gcc/arm-none-eabi/13.3.1/thumb/v7e-m/nofp/crtend.o
LOAD C:/ST/STM32CubeIDE_1.19.0/STM32CubeIDE/plugins/com.st.stm32cube.ide.mcu.externaltools.gnu-tools-for-stm32.13.3.rel1.win32_1.0.0.202411081344/tools/bin/../lib/gcc/arm-none-eabi/13.3.1/thumb/v7e-m/nofp/crtn.o
                0x20020000                        _estack = (ORIGIN (RAM) + LENGTH (RAM))
                0x00000200                        _Min_Heap_Size = 0x200
                0x00000400                        _Min_Stack_Size = 0x400

.isr_vector     0x08000000      0x1d8
                0x08000000                        . = ALIGN (0x4)
 *(.isr_vector)
 .isr_vector    0x08000000      0x1d8 ./Startup/startup_stm32g473qetx.o
                0x08000000                g_pfnVectors
                0x080001d8                        . = ALIGN (0x4)

.text           0x080001d8      0x308
                0x080001d8                        . = ALIGN (0x4)
 *(.text)
 .text          0x080001d8       0x40 C:/ST/STM32CubeIDE_1.19.0/STM32CubeIDE/plugins/com.st.stm32cube.ide.mcu.externaltools.gnu-tools-for-stm32.13.3.rel1.win32_1.0.0.202411081344/tools/bin/../lib/gcc/arm-none-eabi/13.3.1/thumb/v7e-m/nofp/crtbegin.o
 *(.text*)
 .text.main     0x08000218       0x32 ./Src/main.o
                0x08000218                main
 *fill*         0x0800024a        0x2 
 .text.led_init
                0x0800024c       0x74 ./Src/my_led.o
                0x0800024c                led_init
 .text.led_blue_on
                0x080002c0       0x1c ./Src/my_led.o
                0x080002c0                led_blue_on
 .text.led_green_on
                0x080002dc       0x1c ./Src/my_led.o
                0x080002dc                led_green_on
 .text.led_off  0x080002f8       0x1c ./Src/my_led.o
                0x080002f8                led_off
 .text.switch_init
                0x08000314       0x44 ./Src/my_switch.o
                0x08000314                switch_init
 .text.switch_read
                0x08000358       0x18 ./Src/my_switch.o
                0x08000358                switch_read
 .text.switch_press_count
                0x08000370       0x50 ./Src/my_switch.o
                0x08000370                switch_press_count
 .text.SystemInit
                0x080003c0        0xc ./Src/system_stm32f4xx.o
                0x080003c0                SystemInit
 .text.DWT_Init
                0x080003cc       0x60 ./Src/system_stm32f4xx.o
                0x080003cc                DWT_Init
 .text.Reset_Handler
                0x0800042c       0x50 ./Startup/startup_stm32g473qetx.o
                0x0800042c                Reset_Handler
 .text.Default_Handler
                0x0800047c        0x2 ./Startup/startup_stm32g473qetx.o
                0x0800047c                EXTI2_IRQHandler
                0x0800047c                TIM8_TRG_COM_IRQHandler
                0x0800047c                TIM8_CC_IRQHandler
                0x0800047c                DMA2_CH8_IRQHandler
                0x0800047c                DebugMon_Handler
                0x0800047c                DMA1_CH4_IRQHandler
                0x0800047c                SPI4_IRQHandler
                0x0800047c                FDCAN3_IT0_IRQHandler
                0x0800047c                TIM1_CC_IRQHandler
                0x0800047c                Cordic_IRQHandler
                0x0800047c                HardFault_Handler
                0x0800047c                USB_HP_IRQHandler
                0x0800047c                SysTick_Handler
                0x0800047c                PendSV_Handler
                0x0800047c                NMI_Handler
                0x0800047c                EXTI3_IRQHandler
                0x0800047c                I2C3_ER_IRQHandler
                0x0800047c                DMA1_CH8_IRQHandler
                0x0800047c                TIM6_DACUNDER_IRQHandler
                0x0800047c                EXTI0_IRQHandler
                0x0800047c                I2C2_EV_IRQHandler
                0x0800047c                DMA2_CH1_IRQHandler
                0x0800047c                FPU_IRQHandler
                0x0800047c                FDCAN1_IT1_IRQHandler
                0x0800047c                TIM1_UP_TIM16_IRQHandler
                0x0800047c                DMA2_CH7_IRQHandler
                0x0800047c                UsageFault_Handler
                0x0800047c                ADC1_2_IRQHandler
                0x0800047c                SPI1_IRQHandler
                0x0800047c                DMA1_CH7_IRQHandler
                0x0800047c                TIM8_UP_IRQHandler
                0x0800047c                USBWakeUP_IRQHandler
                0x0800047c                RTC_ALARM_IRQHandler
                0x0800047c                DMA1_CH6_IRQHandler
                0x0800047c                TIM20_TRG_COM_IRQHandler
                0x0800047c                USART3_IRQHandler
                0x0800047c                LPUART_IRQHandler
                0x0800047c                UART5_IRQHandler
                0x0800047c                ADC3_IRQHandler
                0x0800047c                TIM4_IRQHandler
                0x0800047c                QUADSPI_IRQHandler
                0x0800047c                I2C1_EV_IRQHandler
                0x0800047c                DMA2_CH5_IRQHandler
                0x0800047c                UART4_IRQHandler
                0x0800047c                DMA1_CH3_IRQHandler
                0x0800047c                TIM3_IRQHandler
                0x0800047c                RCC_IRQHandler
                0x0800047c                TIM20_UP_IRQHandler
                0x0800047c                TIM1_TRG_COM_IRQHandler
                0x0800047c                Default_Handler
                0x0800047c                FMAC_IRQHandler
                0x0800047c                EXTI15_10_IRQHandler
                0x0800047c                TIM7_IRQHandler
                0x0800047c                FDCAN3_IT1_IRQHandler
                0x0800047c                TIM5_IRQHandler
                0x0800047c                UCPD1_IRQHandler
                0x0800047c                I2C3_EV_IRQHandler
                0x0800047c                EXTI9_5_IRQHandler
                0x0800047c                DMA1_CH2_IRQHandler
                0x0800047c                RTC_WKUP_IRQHandler
                0x0800047c                SAI_IRQHandler
                0x0800047c                PVD_PVM_IRQHandler
                0x0800047c                SPI2_IRQHandler
                0x0800047c                DMA1_CH1_IRQHandler
                0x0800047c                MemManage_Handler
                0x0800047c                ADC5_IRQHandler
                0x0800047c                SVC_Handler
                0x0800047c                CRS_IRQHandler
                0x0800047c                USB_LP_IRQHandler
                0x0800047c                EXTI4_IRQHandler
                0x0800047c                RNG_IRQHandler
                0x0800047c                FDCAN2_IT1_IRQHandler
                0x0800047c                ADC4_IRQHandler
                0x0800047c                WWDG_IRQHandler
                0x0800047c                I2C4_EV_IRQHandler
                0x0800047c                FDCAN2_IT0_IRQHandler
                0x0800047c                FDCAN1_IT0_IRQHandler
                0x0800047c                TIM2_IRQHandler
                0x0800047c                COMP7_IRQHandler
                0x0800047c                COMP1_2_3_IRQHandler
                0x0800047c                EXTI1_IRQHandler
                0x0800047c                AES_IRQHandler
                0x0800047c                USART2_IRQHandler
                0x0800047c                COMP4_5_6_IRQHandler
                0x0800047c                TIM20_BRK_IRQHandler
                0x0800047c                I2C2_ER_IRQHandler
                0x0800047c                TIM8_BRK_IRQHandler
                0x0800047c                FLASH_IRQHandler
                0x0800047c                TIM20_CC_IRQHandler
                0x0800047c                BusFault_Handler
                0x0800047c                USART1_IRQHandler
                0x0800047c                SPI3_IRQHandler
                0x0800047c                DMA2_CH6_IRQHandler
                0x0800047c                DMA2_CH3_IRQHandler
                0x0800047c                DMA2_CH2_IRQHandler
                0x0800047c                I2C1_ER_IRQHandler
                0x0800047c                FMC_IRQHandler
                0x0800047c                DMA1_CH5_IRQHandler
                0x0800047c                DMA2_CH4_IRQHandler
                0x0800047c                LPTIM1_IRQHandler
                0x0800047c                DMAMUX_OVR_IRQHandler
                0x0800047c                I2C4_ER_IRQHandler
                0x0800047c                RTC_TAMP_CSS_LSE_IRQHandler
                0x0800047c                TIM1_BRK_TIM15_IRQHandler
 *fill*         0x0800047e        0x2 
 .text.__libc_init_array
                0x08000480       0x48 C:/ST/STM32CubeIDE_1.19.0/STM32CubeIDE/plugins/com.st.stm32cube.ide.mcu.externaltools.gnu-tools-for-stm32.13.3.rel1.win32_1.0.0.202411081344/tools/bin/../lib/gcc/arm-none-eabi/13.3.1/../../../../arm-none-eabi/lib/thumb/v7e-m/nofp\libc_nano.a(libc_a-init.o)
                0x08000480                __libc_init_array
 *(.glue_7)
 .glue_7        0x080004c8        0x0 linker stubs
 *(.glue_7t)
 .glue_7t       0x080004c8        0x0 linker stubs
 *(.eh_frame)
 .eh_frame      0x080004c8        0x0 C:/ST/STM32CubeIDE_1.19.0/STM32CubeIDE/plugins/com.st.stm32cube.ide.mcu.externaltools.gnu-tools-for-stm32.13.3.rel1.win32_1.0.0.202411081344/tools/bin/../lib/gcc/arm-none-eabi/13.3.1/thumb/v7e-m/nofp/crtbegin.o
 *(.init)
 .init          0x080004c8        0x4 C:/ST/STM32CubeIDE_1.19.0/STM32CubeIDE/plugins/com.st.stm32cube.ide.mcu.externaltools.gnu-tools-for-stm32.13.3.rel1.win32_1.0.0.202411081344/tools/bin/../lib/gcc/arm-none-eabi/13.3.1/thumb/v7e-m/nofp/crti.o
                0x080004c8                _init
 .init          0x080004cc        0x8 C:/ST/STM32CubeIDE_1.19.0/STM32CubeIDE/plugins/com.st.stm32cube.ide.mcu.externaltools.gnu-tools-for-stm32.13.3.rel1.win32_1.0.0.202411081344/tools/bin/../lib/gcc/arm-none-eabi/13.3.1/thumb/v7e-m/nofp/crtn.o
 *(.fini)
 .fini          0x080004d4        0x4 C:/ST/STM32CubeIDE_1.19.0/STM32CubeIDE/plugins/com.st.stm32cube.ide.mcu.externaltools.gnu-tools-for-stm32.13.3.rel1.win32_1.0.0.202411081344/tools/bin/../lib/gcc/arm-none-eabi/13.3.1/thumb/v7e-m/nofp/crti.o
                0x080004d4                _fini
 .fini          0x080004d8        0x8 C:/ST/STM32CubeIDE_1.19.0/STM32CubeIDE/plugins/com.st.stm32cube.ide.mcu.externaltools.gnu-tools-for-stm32.13.3.rel1.win32_1.0.0.202411081344/tools/bin/../lib/gcc/arm-none-eabi/13.3.1/thumb/v7e-m/nofp/crtn.o
                0x080004e0                        . = ALIGN (0x4)
                0x080004e0                        _etext = .

.vfp11_veneer   0x080004e0        0x0
 .vfp11_veneer  0x080004e0        0x0 linker stubs

.v4_bx          0x080004e0        0x0
 .v4_bx         0x080004e0        0x0 linker stubs

.iplt           0x080004e0        0x0
 .iplt          0x080004e0        0x0 C:/ST/STM32CubeIDE_1.19.0/STM32CubeIDE/plugins/com.st.stm32cube.ide.mcu.externaltools.gnu-tools-for-stm32.13.3.rel1.win32_1.0.0.202411081344/tools/bin/../lib/gcc/arm-none-eabi/13.3.1/thumb/v7e-m/nofp/crtbegin.o

.rodata         0x080004e0        0x0
                0x080004e0                        . = ALIGN (0x4)
 *(.rodata)
 *(.rodata*)
                0x080004e0                        . = ALIGN (0x4)

.ARM.extab      0x080004e0        0x0
                0x080004e0                        . = ALIGN (0x4)
 *(.ARM.extab* .gnu.linkonce.armextab.*)
                0x080004e0                        . = ALIGN (0x4)

.ARM            0x080004e0        0x0
                0x080004e0                        . = ALIGN (0x4)
                0x080004e0                        __exidx_start = .
 *(.ARM.exidx*)
                0x080004e0                        __exidx_end = .
                0x080004e0                        . = ALIGN (0x4)

.preinit_array  0x080004e0        0x0
                0x080004e0                        . = ALIGN (0x4)
                0x080004e0                        PROVIDE (__preinit_array_start = .)
 *(.preinit_array*)
                0x080004e0                        PROVIDE (__preinit_array_end = .)
                0x080004e0                        . = ALIGN (0x4)

.init_array     0x080004e0        0x4
                0x080004e0                        . = ALIGN (0x4)
                0x080004e0                        PROVIDE (__init_array_start = .)
 *(SORT_BY_NAME(.init_array.*))
 *(.init_array*)
 .init_array    0x080004e0        0x4 C:/ST/STM32CubeIDE_1.19.0/STM32CubeIDE/plugins/com.st.stm32cube.ide.mcu.externaltools.gnu-tools-for-stm32.13.3.rel1.win32_1.0.0.202411081344/tools/bin/../lib/gcc/arm-none-eabi/13.3.1/thumb/v7e-m/nofp/crtbegin.o
                0x080004e4                        PROVIDE (__init_array_end = .)
                0x080004e4                        . = ALIGN (0x4)

.fini_array     0x080004e4        0x4
                0x080004e4                        . = ALIGN (0x4)
                [!provide]                        PROVIDE (__fini_array_start = .)
 *(SORT_BY_NAME(.fini_array.*))
 *(.fini_array*)
 .fini_array    0x080004e4        0x4 C:/ST/STM32CubeIDE_1.19.0/STM32CubeIDE/plugins/com.st.stm32cube.ide.mcu.externaltools.gnu-tools-for-stm32.13.3.rel1.win32_1.0.0.202411081344/tools/bin/../lib/gcc/arm-none-eabi/13.3.1/thumb/v7e-m/nofp/crtbegin.o
                [!provide]                        PROVIDE (__fini_array_end = .)
                0x080004e8                        . = ALIGN (0x4)
                0x080004e8                        _sidata = LOADADDR (.data)

.rel.dyn        0x080004e8        0x0
 .rel.iplt      0x080004e8        0x0 C:/ST/STM32CubeIDE_1.19.0/STM32CubeIDE/plugins/com.st.stm32cube.ide.mcu.externaltools.gnu-tools-for-stm32.13.3.rel1.win32_1.0.0.202411081344/tools/bin/../lib/gcc/arm-none-eabi/13.3.1/thumb/v7e-m/nofp/crtbegin.o

.data           0x20000000        0x0 load address 0x080004e8
                0x20000000                        . = ALIGN (0x4)
                0x20000000                        _sdata = .
 *(.data)
 *(.data*)
 *(.RamFunc)
 *(.RamFunc*)
                0x20000000                        . = ALIGN (0x4)
                0x20000000                        _edata = .
                0x080004e8                        _siccmsram = LOADADDR (.ccmsram)

.igot.plt       0x20000000        0x0 load address 0x080004e8
 .igot.plt      0x20000000        0x0 C:/ST/STM32CubeIDE_1.19.0/STM32CubeIDE/plugins/com.st.stm32cube.ide.mcu.externaltools.gnu-tools-for-stm32.13.3.rel1.win32_1.0.0.202411081344/tools/bin/../lib/gcc/arm-none-eabi/13.3.1/thumb/v7e-m/nofp/crtbegin.o

.ccmsram        0x10000000        0x0 load address 0x080004e8
                0x10000000                        . = ALIGN (0x4)
                0x10000000                        _sccmsram = .
 *(.ccmsram)
 *(.ccmsram*)
                0x10000000                        . = ALIGN (0x4)
                0x10000000                        _eccmsram = .
                0x10000000                        . = ALIGN (0x4)

.bss            0x20000000       0x20
                0x20000000                        _sbss = .
                0x20000000                        __bss_start__ = _sbss
 *(.bss)
 .bss           0x20000000       0x1c C:/ST/STM32CubeIDE_1.19.0/STM32CubeIDE/plugins/com.st.stm32cube.ide.mcu.externaltools.gnu-tools-for-stm32.13.3.rel1.win32_1.0.0.202411081344/tools/bin/../lib/gcc/arm-none-eabi/13.3.1/thumb/v7e-m/nofp/crtbegin.o
 *(.bss*)
 .bss.count.0   0x2000001c        0x4 ./Src/my_switch.o
 *(COMMON)
                0x20000020                        . = ALIGN (0x4)
                0x20000020                        _ebss = .
                0x20000020                        __bss_end__ = _ebss

._user_heap_stack
                0x20000020      0x600
                0x20000020                        . = ALIGN (0x8)
                [!provide]                        PROVIDE (end = .)
                0x20000020                        PROVIDE (_end = .)
                0x20000220                        . = (. + _Min_Heap_Size)
 *fill*         0x20000020      0x200 
                0x20000620                        . = (. + _Min_Stack_Size)
 *fill*         0x20000220      0x400 
                0x20000620                        . = ALIGN (0x8)

/DISCARD/
 libc.a(*)
 libm.a(*)
 libgcc.a(*)

.ARM.attributes
                0x00000000       0x2a
 *(.ARM.attributes)
 .ARM.attributes
                0x00000000       0x1e C:/ST/STM32CubeIDE_1.19.0/STM32CubeIDE/plugins/com.st.stm32cube.ide.mcu.externaltools.gnu-tools-for-stm32.13.3.rel1.win32_1.0.0.202411081344/tools/bin/../lib/gcc/arm-none-eabi/13.3.1/thumb/v7e-m/nofp/crti.o
 .ARM.attributes
                0x0000001e       0x2e C:/ST/STM32CubeIDE_1.19.0/STM32CubeIDE/plugins/com.st.stm32cube.ide.mcu.externaltools.gnu-tools-for-stm32.13.3.rel1.win32_1.0.0.202411081344/tools/bin/../lib/gcc/arm-none-eabi/13.3.1/thumb/v7e-m/nofp/crtbegin.o
 .ARM.attributes
                0x0000004c       0x2e ./Src/main.o
 .ARM.attributes
                0x0000007a       0x2e ./Src/my_led.o
 .ARM.attributes
                0x000000a8       0x2e ./Src/my_switch.o
 .ARM.attributes
                0x000000d6       0x2e ./Src/system_stm32f4xx.o
 .ARM.attributes
                0x00000104       0x21 ./Startup/startup_stm32g473qetx.o
 .ARM.attributes
                0x00000125       0x2e C:/ST/STM32CubeIDE_1.19.0/STM32CubeIDE/plugins/com.st.stm32cube.ide.mcu.externaltools.gnu-tools-for-stm32.13.3.rel1.win32_1.0.0.202411081344/tools/bin/../lib/gcc/arm-none-eabi/13.3.1/../../../../arm-none-eabi/lib/thumb/v7e-m/nofp\libc_nano.a(libc_a-init.o)
 .ARM.attributes
                0x00000153       0x1e C:/ST/STM32CubeIDE_1.19.0/STM32CubeIDE/plugins/com.st.stm32cube.ide.mcu.externaltools.gnu-tools-for-stm32.13.3.rel1.win32_1.0.0.202411081344/tools/bin/../lib/gcc/arm-none-eabi/13.3.1/thumb/v7e-m/nofp/crtn.o
OUTPUT(switccontrol.c.elf elf32-littlearm)
LOAD linker stubs
LOAD C:/ST/STM32CubeIDE_1.19.0/STM32CubeIDE/plugins/com.st.stm32cube.ide.mcu.externaltools.gnu-tools-for-stm32.13.3.rel1.win32_1.0.0.202411081344/tools/bin/../lib/gcc/arm-none-eabi/13.3.1/../../../../arm-none-eabi/lib/thumb/v7e-m/nofp\libc.a
LOAD C:/ST/STM32CubeIDE_1.19.0/STM32CubeIDE/plugins/com.st.stm32cube.ide.mcu.externaltools.gnu-tools-for-stm32.13.3.rel1.win32_1.0.0.202411081344/tools/bin/../lib/gcc/arm-none-eabi/13.3.1/../../../../arm-none-eabi/lib/thumb/v7e-m/nofp\libm.a
LOAD C:/ST/STM32CubeIDE_1.19.0/STM32CubeIDE/plugins/com.st.stm32cube.ide.mcu.externaltools.gnu-tools-for-stm32.13.3.rel1.win32_1.0.0.202411081344/tools/bin/../lib/gcc/arm-none-eabi/13.3.1/thumb/v7e-m/nofp\libgcc.a

.debug_info     0x00000000      0xc6f
 .debug_info    0x00000000       0xde ./Src/main.o
 .debug_info    0x000000de      0x2fa ./Src/my_led.o
 .debug_info    0x000003d8      0x321 ./Src/my_switch.o
 .debug_info    0x000006f9      0x546 ./Src/system_stm32f4xx.o
 .debug_info    0x00000c3f       0x30 ./Startup/startup_stm32g473qetx.o

.debug_abbrev   0x00000000      0x3ca
 .debug_abbrev  0x00000000       0x8a ./Src/main.o
 .debug_abbrev  0x0000008a       0xb8 ./Src/my_led.o
 .debug_abbrev  0x00000142      0x101 ./Src/my_switch.o
 .debug_abbrev  0x00000243      0x163 ./Src/system_stm32f4xx.o
 .debug_abbrev  0x000003a6       0x24 ./Startup/startup_stm32g473qetx.o

.debug_aranges  0x00000000       0xf0
 .debug_aranges
                0x00000000       0x20 ./Src/main.o
 .debug_aranges
                0x00000020       0x38 ./Src/my_led.o
 .debug_aranges
                0x00000058       0x38 ./Src/my_switch.o
 .debug_aranges
                0x00000090       0x38 ./Src/system_stm32f4xx.o
 .debug_aranges
                0x000000c8       0x28 ./Startup/startup_stm32g473qetx.o

.debug_rnglists
                0x00000000       0x9c
 .debug_rnglists
                0x00000000       0x13 ./Src/main.o
 .debug_rnglists
                0x00000013       0x25 ./Src/my_led.o
 .debug_rnglists
                0x00000038       0x25 ./Src/my_switch.o
 .debug_rnglists
                0x0000005d       0x26 ./Src/system_stm32f4xx.o
 .debug_rnglists
                0x00000083       0x19 ./Startup/startup_stm32g473qetx.o

.debug_macro    0x00000000    0x18248
 .debug_macro   0x00000000      0x1b4 ./Src/main.o
 .debug_macro   0x000001b4       0x61 ./Src/main.o
 .debug_macro   0x00000215       0x24 ./Src/main.o
 .debug_macro   0x00000239       0x43 ./Src/main.o
 .debug_macro   0x0000027c       0x34 ./Src/main.o
 .debug_macro   0x000002b0       0x16 ./Src/main.o
 .debug_macro   0x000002c6       0x9e ./Src/main.o
 .debug_macro   0x00000364      0x370 ./Src/main.o
 .debug_macro   0x000006d4      0x112 ./Src/main.o
 .debug_macro   0x000007e6       0x10 ./Src/main.o
 .debug_macro   0x000007f6       0x16 ./Src/main.o
 .debug_macro   0x0000080c       0x4a ./Src/main.o
 .debug_macro   0x00000856       0x34 ./Src/main.o
 .debug_macro   0x0000088a       0x10 ./Src/main.o
 .debug_macro   0x0000089a       0x58 ./Src/main.o
 .debug_macro   0x000008f2       0x8e ./Src/main.o
 .debug_macro   0x00000980       0x1c ./Src/main.o
 .debug_macro   0x0000099c      0x185 ./Src/main.o
 .debug_macro   0x00000b21       0x16 ./Src/main.o
 .debug_macro   0x00000b37       0x16 ./Src/main.o
 .debug_macro   0x00000b4d      0x146 ./Src/main.o
 .debug_macro   0x00000c93       0x2f ./Src/main.o
 .debug_macro   0x00000cc2       0x1c ./Src/main.o
 .debug_macro   0x00000cde       0x22 ./Src/main.o
 .debug_macro   0x00000d00       0xd9 ./Src/main.o
 .debug_macro   0x00000dd9     0x102d ./Src/main.o
 .debug_macro   0x00001e06      0x11f ./Src/main.o
 .debug_macro   0x00001f25    0x15e3c ./Src/main.o
 .debug_macro   0x00017d61       0x28 ./Src/main.o
 .debug_macro   0x00017d89       0x10 ./Src/main.o
 .debug_macro   0x00017d99      0x1ab ./Src/my_led.o
 .debug_macro   0x00017f44      0x1a5 ./Src/my_switch.o
 .debug_macro   0x000180e9       0xe1 ./Src/system_stm32f4xx.o
 .debug_macro   0x000181ca       0x34 ./Src/system_stm32f4xx.o
 .debug_macro   0x000181fe       0x4a ./Src/system_stm32f4xx.o

.debug_line     0x00000000     0x18fb
 .debug_line    0x00000000      0x612 ./Src/main.o
 .debug_line    0x00000612      0x66b ./Src/my_led.o
 .debug_line    0x00000c7d      0x678 ./Src/my_switch.o
 .debug_line    0x000012f5      0x58b ./Src/system_stm32f4xx.o
 .debug_line    0x00001880       0x7b ./Startup/startup_stm32g473qetx.o

.debug_str      0x00000000    0x8b8b8
 .debug_str     0x00000000    0x8b8b8 ./Src/main.o
                              0x8b43a (size before relaxing)
 .debug_str     0x0008b8b8    0x8b546 ./Src/my_led.o
 .debug_str     0x0008b8b8    0x8b520 ./Src/my_switch.o
 .debug_str     0x0008b8b8    0x87e3c ./Src/system_stm32f4xx.o
 .debug_str     0x0008b8b8       0x80 ./Startup/startup_stm32g473qetx.o

.comment        0x00000000       0x43
 .comment       0x00000000       0x43 ./Src/main.o
                                 0x44 (size before relaxing)
 .comment       0x00000043       0x44 ./Src/my_led.o
 .comment       0x00000043       0x44 ./Src/my_switch.o
 .comment       0x00000043       0x44 ./Src/system_stm32f4xx.o

.debug_frame    0x00000000      0x1fc
 .debug_frame   0x00000000       0x30 ./Src/main.o
 .debug_frame   0x00000030       0x90 ./Src/my_led.o
 .debug_frame   0x000000c0       0x8c ./Src/my_switch.o
 .debug_frame   0x0000014c       0x84 ./Src/system_stm32f4xx.o
 .debug_frame   0x000001d0       0x2c C:/ST/STM32CubeIDE_1.19.0/STM32CubeIDE/plugins/com.st.stm32cube.ide.mcu.externaltools.gnu-tools-for-stm32.13.3.rel1.win32_1.0.0.202411081344/tools/bin/../lib/gcc/arm-none-eabi/13.3.1/../../../../arm-none-eabi/lib/thumb/v7e-m/nofp\libc_nano.a(libc_a-init.o)

.debug_loclists
                0x00000000       0x25
 .debug_loclists
                0x00000000       0x25 ./Src/system_stm32f4xx.o

.debug_line_str
                0x00000000       0x64
 .debug_line_str
                0x00000000       0x64 ./Startup/startup_stm32g473qetx.o
